deja vivants : 2295, a tester : 14064 (12 fils, 15s de delai)
  passe 1 500/14064 vivants=227 (75s)
  passe 1 1000/14064 vivants=611 (117s)
  passe 1 1500/14064 vivants=992 (163s)
  passe 1 2000/14064 vivants=1379 (210s)
  passe 1 2500/14064 vivants=1777 (250s)
  passe 1 3000/14064 vivants=2160 (305s)
  passe 1 3500/14064 vivants=2550 (327s)
  passe 1 4000/14064 vivants=2943 (382s)
  passe 1 4500/14064 vivants=3316 (484s)
  passe 1 5000/14064 vivants=3670 (497s)
  passe 1 5500/14064 vivants=4072 (541s)
  passe 1 6000/14064 vivants=4452 (635s)
  passe 1 6500/14064 vivants=4844 (666s)
  passe 1 7000/14064 vivants=5234 (712s)
  passe 1 7500/14064 vivants=5605 (768s)
  passe 1 8000/14064 vivants=5989 (821s)
  passe 1 8500/14064 vivants=6373 (889s)
  passe 1 9000/14064 vivants=6759 (943s)
  passe 1 9500/14064 vivants=7149 (7183s)
  passe 1 10000/14064 vivants=7157 (7184s)
  passe 1 10500/14064 vivants=7157 (7184s)
  passe 1 11000/14064 vivants=7157 (7185s)
  passe 1 11500/14064 vivants=7157 (7185s)
  passe 1 12000/14064 vivants=7157 (7186s)
  passe 1 12500/14064 vivants=7157 (7186s)
  passe 1 13000/14064 vivants=7157 (7186s)
  passe 1 13500/14064 vivants=7157 (7187s)
  passe 1 14000/14064 vivants=7157 (7187s)
passe 1 : 7157 vivants, 6907 echecs a rejouer
  passe 2 500/6907 vivants=0 (23362s)
  passe 2 1000/6907 vivants=0 (23362s)
  passe 2 1500/6907 vivants=3 (40726s)
  passe 2 2000/6907 vivants=12 (40840s)
  passe 2 2500/6907 vivants=125 (41035s)
  passe 2 3000/6907 vivants=506 (43480s)
  passe 2 3500/6907 vivants=898 (43611s)
  passe 2 4000/6907 vivants=1277 (43713s)
  passe 2 4500/6907 vivants=1668 (43803s)
  passe 2 5000/6907 vivants=2018 (43910s)
  passe 2 5500/6907 vivants=2397 (44037s)
  passe 2 6000/6907 vivants=2821 (44126s)
  passe 2 6500/6907 vivants=3191 (44248s)
passe 2 : 3513 vivants de plus, 3394 morts confirmes
TERMINE : 12965 sites en ligne sur 19872
